lrr/config/custom.ini.ex
lrr/config/defines.ini
lrr/config/channels_eu868.ini
lrr/config/channels_eu868_2015.ini
lrr/config/channels_eu433.ini
lrr/config/channels_sg920.ini
lrr/config/channels_au915.ini
lrr/config/channels_tw920.ini
lrr/config/channels_us915.ini
lrr/config/channels_us915h8.ini
lrr/config/channels_kr920.ini
lrr/config/channels_as923.ini
lrr/config/lrr.ini
lrr/config/lgw_eu868.ini
lrr/config/lgw_eu868_2015.ini
lrr/config/lgw_eu433.ini
lrr/config/lgw_sg920.ini
lrr/config/lgw_au915h8.ini
lrr/config/lgw_tw920.ini
lrr/config/lgw_us915h8.ini
lrr/config/lgw_kr920.ini
lrr/config/lgw_as923.ini
lrr/config/lgwx8_eu868.ini
lrr/config/lgwx8_eu868_2015.ini
lrr/config/lgwx8_sg920.ini
lrr/config/lgwx8_tw920.ini
lrr/config/lgwx8_us915.ini
lrr/config/lowlvlgw.ini
lrr/config/lowlvlgw_wirmav2.ini
lrr/config/lowlvlgw_wirmams.ini
lrr/config/lowlvlgw_ciscoms.ini
lrr/config/lowlvlgw_wirmaar.ini
lrr/config/lowlvlgw_fcmlb.ini
lrr/config/lowlvlgw_fcpico.ini
lrr/config/lowlvlgw_fclamp.ini
lrr/config/lowlvlgw_fcloc.ini
lrr/config/lowlvlgw_wirmana.ini
lrr/config/lowlvlgw_tektelic.ini
lrr/config/lowlvlgw_gemtek.ini
lrr/config/lowlvlgw_mtac.ini
lrr/config/lowlvlgw_mtcap.ini
lrr/config/lgwms_eu868.ini
lrr/config/lgwms_eu868_2015.ini
lrr/com/lrr.x
lrr/com/exe_spi_x1/lrr.x
lrr/com/exe_usb_x1/lrr.x
lrr/com/exe_spi_x8/lrr.x
lrr/com/exe_spi_ms/lrr.x
lrr/com/exe_tty_x1/lrr.x
lrr/com/sshpass.x
lrr/com/keycrypt.x
lrr/com/shelllrr.sh
lrr/com/shells/wirmav2/ifacefailover.sh
lrr/com/shells/wirmav2/backuptraces.sh
lrr/com/shells/wirmav2/ifacerescuespv.sh
lrr/com/shells/wirmav2/firewall
lrr/com/shells/wirmams/ifacefailover.sh
lrr/com/shells/wirmams/ifacerescuespv.sh
lrr/com/shells/wirmams/firewall
lrr/com/shells/wirmaar/ifacefailover.sh
lrr/com/shells/wirmaar/backuptraces.sh
lrr/com/shells/wirmaar/ifacerescuespv.sh
lrr/com/shells/wirmaar/firewall
lrr/com/shells/wirmaar/convjson.py
lrr/com/shells/wirmana/backuptraces.sh
lrr/com/shells/ciscoms/set_lut_calib.sh
lrr/com/shells/fclamp/backuptraces.sh
lrr/com/shells/ciscoms/iptables.sh
lrr/com/shells/iptables.sh
lrr/com/shells/formatinifiles.sh
lrr/com/shells/getid.sh
lrr/com/sysconfiglrr.sh
lrr/com/cmd_shells/help.sh
lrr/com/cmd_shells/log.sh
lrr/com/cmd_shells/openssh.sh
lrr/com/cmd_shells/closessh.sh
lrr/com/cmd_shells/rmcustomcfg.sh
lrr/com/cmd_shells/upgrade.sh
lrr/com/cmd_shells/dnconfig.sh
lrr/com/cmd_shells/upconfig.sh
lrr/com/cmd_shells/gpsman.sh
lrr/com/cmd_shells/gpsmanreset.sh
lrr/com/cmd_shells/reboot.sh
lrr/com/cmd_shells/reboot_pending.sh
lrr/com/cmd_shells/restart.sh
lrr/com/cmd_shells/restart_pending.sh
lrr/com/cmd_shells/restart.sh
lrr/com/cmd_shells/radioparams.sh
lrr/com/cmd_shells/logicchan.sh
lrr/com/cmd_shells/cmdresult.sh
lrr/com/cmd_shells/setkeys.sh
lrr/com/cmd_shells/ants.sh
lrr/com/cmd_shells/dtc.sh
lrr/com/cmd_shells/env.sh
lrr/com/cmd_shells/ps.sh
lrr/com/cmd_shells/tail.sh
lrr/com/cmd_shells/ping.sh
lrr/com/cmd_shells/netinfo.sh
lrr/com/cmd_shells/showconfig.sh
lrr/com/cmd_shells/dngentar.sh
lrr/com/cmd_shells/rfscanv0.sh
lrr/com/cmd_shells/rfscanv1.sh
lrr/com/cmd_shells/rfscanstop.sh
lrr/com/cmd_shells/moreini.sh
lrr/com/cmd_shells/setiniparam.sh
lrr/com/cmd_shells/netcatlog.sh
lrr/com/cmd_shells/dntimezone.sh
lrr/com/cmd_shells/getuid.sh
lrr/com/cmd_shells/vinfos.sh
lrr/com/cmd_shells/wirmav2/iptablesoff.sh
lrr/com/cmd_shells/wirmav2/iptableson.sh
lrr/com/cmd_shells/wirmav2/lockrff.sh
lrr/com/cmd_shells/wirmav2/unlockrff.sh
lrr/com/cmd_shells/wirmav2/saverff.sh
lrr/com/cmd_shells/wirmav2/execrff.sh
lrr/com/cmd_shells/wirmav2/rffstatus.sh
lrr/com/cmd_shells/wirmav2/ps.sh
lrr/com/cmd_shells/wirmav2/radiooff.sh
lrr/com/cmd_shells/wirmav2/radioon.sh
lrr/com/cmd_shells/wirmav2/radiopower.sh
lrr/com/cmd_shells/wirmav2/eth0stop.sh
lrr/com/cmd_shells/wirmav2/eth0start.sh
lrr/com/cmd_shells/wirmav2/fw_printenv.sh
lrr/com/cmd_shells/wirmav2/get_version.sh
lrr/com/cmd_shells/wirmav2/gpsstatus.sh
lrr/com/cmd_shells/ir910/upgrade.sh
lrr/com/cmd_shells/ciscoms/upgrade.sh
lrr/com/cmd_shells/ciscoms/closessh.sh
lrr/com/cmd_shells/ciscoms/rfscanv1.sh
lrr/com/cmd_shells/ciscoms/saverff.sh
lrr/com/cmd_shells/ciscoms/rffstatus.sh
lrr/com/cmd_shells/ciscoms/reboot_pending.sh
lrr/com/cmd_shells/ciscoms/reboot.sh
lrr/com/cmd_shells/ciscoms/hostip.sh
lrr/com/cmd_shells/ciscoms/execrff.sh
lrr/com/cmd_shells/ciscoms/hostip_service.sh
lrr/com/cmd_shells/ciscoms/iptables.sh
lrr/com/cmd_shells/ciscoms/exec_updowngrade.sh
lrr/com/cmd_shells/ciscoms/firmware_updowngrade.sh
lrr/com/cmd_shells/ciscoms/nsswitch.conf
lrr/com/cmd_shells/mtac/ps.sh
lrr/com/cmd_shells/wirmams/act-opkg-build.sh
lrr/com/cmd_shells/wirmams/saverff.sh
lrr/com/cmd_shells/wirmams/execrff.sh
lrr/com/cmd_shells/wirmams/lockrff.sh
lrr/com/cmd_shells/wirmams/unlockrff.sh
lrr/com/cmd_shells/wirmams/rffstatus.sh
lrr/com/cmd_shells/wirmams/closessh.sh
lrr/com/cmd_shells/wirmams/dngenipk.sh
lrr/com/cmd_shells/wirmaar/act-opkg-build.sh
lrr/com/cmd_shells/wirmaar/saverff.sh
lrr/com/cmd_shells/wirmaar/execrff.sh
lrr/com/cmd_shells/wirmaar/lockrff.sh
lrr/com/cmd_shells/wirmaar/unlockrff.sh
lrr/com/cmd_shells/wirmaar/rffstatus.sh
lrr/com/cmd_shells/wirmaar/closessh.sh
lrr/com/cmd_shells/wirmaar/dngenipk.sh
lrr/com/cmd_shells/wirmaar/iptablesoff.sh
lrr/com/cmd_shells/wirmaar/iptableson.sh
lrr/com/cmd_shells/wirmaar/rfscanv1.sh
lrr/com/cmd_shells/wirmana/iptablesoff.sh
lrr/com/cmd_shells/wirmana/iptableson.sh
lrr/com/cmd_shells/wirmana/act-opkg-build.sh
lrr/com/cmd_shells/wirmana/saverff.sh
lrr/com/cmd_shells/wirmana/execrff.sh
lrr/com/cmd_shells/wirmana/lockrff.sh
lrr/com/cmd_shells/wirmana/unlockrff.sh
lrr/com/cmd_shells/wirmana/rffstatus.sh
lrr/com/cmd_shells/wirmana/openssh.sh
lrr/com/cmd_shells/wirmana/closessh.sh
lrr/com/cmd_shells/wirmana/upgrade.sh
lrr/com/cmd_shells/fcpico/closessh.sh
lrr/com/cmd_shells/fcpico/netconfig.sh
lrr/com/cmd_shells/fclamp/closessh.sh
lrr/com/cmd_shells/fclamp/rfscanv1.sh
lrr/com/cmd_shells/tektelic/lockrff.sh
lrr/com/cmd_shells/tektelic/unlockrff.sh
lrr/com/cmd_shells/tektelic/saverff.sh
lrr/com/cmd_shells/tektelic/execrff.sh
lrr/com/cmd_shells/tektelic/rffstatus.sh
lrr/com/cmd_shells/tektelic/rfscanv1.sh
lrr/com/cmd_shells/gemtek/closessh.sh
lrr/com/cmd_shells/mtac_usb_v1.0/rfscanv1.sh
lrr/com/cmd_shells/mtac_usb_v1.0/ps.sh
lrr/com/cmd_shells/mtac_v1.0/rfscanv1.sh
lrr/com/cmd_shells/mtac_v1.0/ps.sh
lrr/com/cmd_shells/mtac_v1.5/ps.sh
lrr/com/cmd_shells/mtcap/ps.sh
lrr/com/_parameters.sh
lrr/com/_functions.sh
lrr/com/_afterupgrade.sh
lrr/com/functionsservice.sh
lrr/com/lrrservice.sh
lrr/opkg/CONTROL_wirmams/control
lrr/opkg/CONTROL_wirmams/postinst
lrr/opkg/CONTROL_wirmaar/control
lrr/opkg/CONTROL_wirmaar/postinst
lrr/opkg/CONTROL_wirmana/control
lrr/opkg/CONTROL_wirmana/postinst
lrr/moreini/moreini.x
lrr/suplog/suplog.x
lrr/Version
lrr/envlrr
lrr/util_rssi_histogram/util_rssi_histogram
lrr/util_spectral_scan/util_spectral_scan
lrr/sftp/sftp
lrr/nano/nano
lrr/gitstatus.txt
